<html>
<body>
<pre>
<h1>礦ision Build Log</h1>
<h2>Tool Versions:</h2>
IDE-Version: μVision V5.29.0.0
Copyright (C) 2019 ARM Ltd and ARM Germany GmbH. All rights reserved.
License Information: rr patient冉, rr, LIC=YA39H-W1L91-GKJBG-V1PRY-AANN4-M4DS0
 
Tool Versions:
Toolchain:       MDK-ARM Plus  Version: 5.14.0.0
Toolchain Path:  D:\keil V5\keil\0\ARM\ARMCC\Bin
C Compiler:      Armcc.exe V5.05 update 1 (build 106)
Assembler:       Armasm.exe V5.05 update 1 (build 106)
Linker/Locator:  ArmLink.exe V5.05 update 1 (build 106)
Library Manager: ArmAr.exe V5.05 update 1 (build 106)
Hex Converter:   FromElf.exe V5.05 update 1 (build 106)
CPU DLL:         SARMCM3.DLL V5.14.0.0
Dialog DLL:      DARMSTM.DLL V1.65.0.0
Target DLL:      STLink\ST-LINKIII-KEIL_SWO.dll V2.0.14.0_KEIL
Dialog DLL:      TARMSTM.DLL V1.64.0.0
 
<h2>Project:</h2>
D:\桌面\毕设方案\程序\舵机改TIM\USER\MPU6050.uvprojx
Project File Date:  04/24/2023

<h2>Output:</h2>
*** Using Compiler 'V5.05 update 1 (build 106)', folder: 'D:\keil V5\keil\0\ARM\ARMCC\Bin'
Rebuild target 'MPU6050'
compiling stm32f10x_it.c...
compiling led.c...
compiling key.c...
compiling system_stm32f10x.c...
compiling mpuiic.c...
compiling main.c...
main.c(101): warning:  #177-D: variable "key" was declared but never referenced
  	u8 key;
main.c(103): warning:  #177-D: variable "PWM" was declared but never referenced
  	u16 PWM=750;
main.c(107): warning:  #550-D: variable "pitch_avg" was set but never used
    float pitch_avg=0,roll_avg=0,yaw_avg=0;//欧拉角平均值
main.c(107): warning:  #550-D: variable "roll_avg" was set but never used
    float pitch_avg=0,roll_avg=0,yaw_avg=0;//欧拉角平均值
main.c(107): warning:  #550-D: variable "yaw_avg" was set but never used
    float pitch_avg=0,roll_avg=0,yaw_avg=0;//欧拉角平均值
main.c: 5 warnings, 0 errors
compiling mpu6050.c...
compiling core_cm3.c...
assembling startup_stm32f10x_hd.s...
compiling usart.c...
compiling delay.c...
compiling timer.c...
compiling sys.c...
compiling inv_mpu_dmp_motion_driver.c...
compiling inv_mpu.c...
compiling misc.c...
compiling stm32f10x_gpio.c...
compiling stm32f10x_fsmc.c...
compiling stm32f10x_rcc.c...
compiling stm32f10x_tim.c...
compiling stm32f10x_usart.c...
compiling usmart.c...
compiling usmart_config.c...
compiling usmart_str.c...
linking...
Program Size: Code=32376 RO-data=4276 RW-data=484 ZI-data=1852  
FromELF: creating hex file...
"..\OBJ\MPU6050.axf" - 0 Error(s), 5 Warning(s).

<h2>Software Packages used:</h2>

Package Vendor: Keil
                http://www.keil.com/pack/Keil.STM32F1xx_DFP.1.0.5.pack
                Keil.STM32F1xx_DFP.1.0.5
                STMicroelectronics STM32F1 Series Device Support, Drivers and Examples

<h2>Collection of Component include folders:</h2>
  .\RTE\_MPU6050
  D:\keil V5\keil\1\Keil\STM32F1xx_DFP\1.0.5\Device\Include

<h2>Collection of Component Files used:</h2>
Build Time Elapsed:  00:00:05
</pre>
</body>
</html>
